
> cube-studio@0.1.0 offline
> node scripts/launch-offline.js --headless --fresh

🔨 強制再ビルドを実行しています (--build / --fresh)...

> cube-studio@0.1.0 build
> npm run wasm && npm run typecheck && vite build && node scripts/generate-sw-precache.js


> cube-studio@0.1.0 wasm
> wasm-pack build --target web --release --out-dir pkg --no-pack

[INFO]: 🎯  Checking for the Wasm target...
[INFO]: 🌀  Compiling to Wasm...
    Finished `release` profile [optimized] target(s) in 0.17s
[INFO]: ⬇️  Installing wasm-bindgen...
[INFO]: Optimizing wasm binaries with `wasm-opt`...
[INFO]: ✨   Done in 3.82s
[INFO]: 📦   Your wasm pkg is ready to publish at /Users/katoy/github/study-rust/rust-r-cube/3x3-web-2/pkg.

> cube-studio@0.1.0 typecheck
> tsc --noEmit

vite v8.3.0 building client environment for production...
transforming...
✓ 33 modules transformed.
rendering chunks...
computing gzip size...
dist/index.html                               1.34 kB │ gzip:     0.80 kB
dist/assets/solver.worker-BLfl36-u.js         5.15 kB
dist/assets/cube_studio_bg-CQHutqv8.wasm  6,289.62 kB │ gzip: 3,412.79 kB
dist/assets/index-DfshNm8g.css               23.40 kB │ gzip:     5.65 kB
dist/assets/editor-C3mHzyes.js                4.26 kB │ gzip:     1.72 kB
dist/assets/camera-C5peJBm_.js               26.26 kB │ gzip:     8.45 kB
dist/assets/index-MOyxigTu.js                75.07 kB │ gzip:    26.01 kB
dist/assets/three-CMSAld7C.js               575.91 kB │ gzip:   143.96 kB

✓ built in 1.53s
[generate-sw-precache] Injected 19 assets and version da112fdeed into dist/sw.js
🌐 プレビューサーバーは既に稼働しています (http://127.0.0.1:4173/)
🖥️  ブラウザ (Chromium) を起動しています (ヘッドレス)...
📥 初回アクセス中（アセットと Service Worker をキャッシュします）...
📦 Service Worker に 19 個のアセットがキャッシュされました。
🔌 ネットワーク接続を遮断します (setOffline: true)...
🔄 オフライン環境でリロードしてキャッシュ起動を検証しています...

============================================================
🎉 Cube Studio がオフラインモードで正常に起動しました！
📡 ネットワークは遮断されています (Offline mode: ACTIVE)
🕹️  ブラウザ上でキューブの回転・解法探索・再生を自由にお試しいただけます。

終了するには、ブラウザを閉じるか、このターミナルで Ctrl+C を押してください。
============================================================

✅ ヘッドレスモードでのオフライン起動検証が正常に完了しました。

🧹 終了処理を実行中...
