
> cube-studio@0.1.0 build
> npm run wasm && npm run typecheck && vite build && node scripts/generate-sw-precache.js


> cube-studio@0.1.0 wasm
> wasm-pack build --target web --release --out-dir pkg --no-pack

[INFO]: 🎯  Checking for the Wasm target...
[INFO]: 🌀  Compiling to Wasm...
    Finished `release` profile [optimized] target(s) in 0.07s
[INFO]: ⬇️  Installing wasm-bindgen...
[INFO]: Optimizing wasm binaries with `wasm-opt`...
[INFO]: ✨   Done in 1.38s
[INFO]: 📦   Your wasm pkg is ready to publish at /Users/katoy/github/study-rust/rust-r-cube/3x3-web-2/pkg.

> cube-studio@0.1.0 typecheck
> tsc --noEmit

vite v8.3.0 building client environment for production...
transforming...
✓ 28 modules transformed.
rendering chunks...
computing gzip size...
dist/index.html                               1.34 kB │ gzip:     0.81 kB
dist/assets/solver.worker-DRxwi1Au.js         4.64 kB
dist/assets/cube_studio_bg-Cpdqt3co.wasm  6,287.93 kB │ gzip: 3,411.88 kB
dist/assets/index-DijXbCo-.css               23.32 kB │ gzip:     5.64 kB
dist/assets/editor-CLeZi1g1.js                4.26 kB │ gzip:     1.72 kB
dist/assets/camera-BSpnddRw.js               23.93 kB │ gzip:     7.98 kB
dist/assets/index-4QfmvZJw.js                66.71 kB │ gzip:    23.97 kB
dist/assets/three-D5iOqr06.js               575.90 kB │ gzip:   143.96 kB

[plugin builtin:vite-reporter] 
(!) Some chunks are larger than 500 kB after minification. Consider:
- Using dynamic import() to code-split the application
- Use build.rolldownOptions.output.codeSplitting to improve chunking: https://rolldown.rs/reference/OutputOptions.codeSplitting
- Adjust chunk size limit for this warning via build.chunkSizeWarningLimit.
✓ built in 448ms
[generate-sw-precache] Injected 19 assets and version 7d5482c6b6 into dist/sw.js
